// Jest Snapshot v1, https://goo.gl/fbAQLP

exports[`Expression can display an expression with many tokens 1`] = `
Array [
  <div
    className="fdwigh6"
  >
    <CSSTransition
      classNames="f1xt770l"
      in={true}
      key=".$0"
      onExited={[Function]}
      timeout={250}
    >
      <Transition
        appear={false}
        enter={true}
        exit={true}
        in={true}
        mountOnEnter={false}
        onEnter={[Function]}
        onEntered={[Function]}
        onEntering={[Function]}
        onExit={[Function]}
        onExited={[Function]}
        onExiting={[Function]}
        timeout={250}
        unmountOnExit={false}
      >
        <Number
          value={4}
        >
          <TransitionGroup
            childFactory={[Function]}
            className="fpwcx99"
            component="div"
          >
            <div
              className="fpwcx99"
            >
              <CSSTransition
                classNames="f16t478l"
                in={true}
                key=".$0"
                onExited={[Function]}
                timeout={250}
              >
                <Transition
                  appear={false}
                  enter={true}
                  exit={true}
                  in={true}
                  mountOnEnter={false}
                  onEnter={[Function]}
                  onEntered={[Function]}
                  onEntering={[Function]}
                  onExit={[Function]}
                  onExited={[Function]}
                  onExiting={[Function]}
                  timeout={250}
                  unmountOnExit={false}
                >
                  <Digit
                    value="4"
                  >
                    <div>
                      4
                    </div>
                  </Digit>
                </Transition>
              </CSSTransition>
            </div>
          </TransitionGroup>
        </Number>
      </Transition>
    </CSSTransition>
    <CSSTransition
      classNames="f1xt770l"
      in={true}
      key=".$1"
      onExited={[Function]}
      timeout={250}
    >
      <Transition
        appear={false}
        enter={true}
        exit={true}
        in={true}
        mountOnEnter={false}
        onEnter={[Function]}
        onEntered={[Function]}
        onEntering={[Function]}
        onExit={[Function]}
        onExited={[Function]}
        onExiting={[Function]}
        timeout={250}
        unmountOnExit={false}
      >
        <Token
          value="+"
        >
          <div
            className="f1lvg2fi"
          >
            +
          </div>
        </Token>
      </Transition>
    </CSSTransition>
    <CSSTransition
      classNames="f1xt770l"
      in={true}
      key=".$2"
      onExited={[Function]}
      timeout={250}
    >
      <Transition
        appear={false}
        enter={true}
        exit={true}
        in={true}
        mountOnEnter={false}
        onEnter={[Function]}
        onEntered={[Function]}
        onEntering={[Function]}
        onExit={[Function]}
        onExited={[Function]}
        onExiting={[Function]}
        timeout={250}
        unmountOnExit={false}
      >
        <Number
          value={2}
        >
          <TransitionGroup
            childFactory={[Function]}
            className="fpwcx99"
            component="div"
          >
            <div
              className="fpwcx99"
            >
              <CSSTransition
                classNames="f16t478l"
                in={true}
                key=".$0"
                onExited={[Function]}
                timeout={250}
              >
                <Transition
                  appear={false}
                  enter={true}
                  exit={true}
                  in={true}
                  mountOnEnter={false}
                  onEnter={[Function]}
                  onEntered={[Function]}
                  onEntering={[Function]}
                  onExit={[Function]}
                  onExited={[Function]}
                  onExiting={[Function]}
                  timeout={250}
                  unmountOnExit={false}
                >
                  <Digit
                    value="2"
                  >
                    <div>
                      2
                    </div>
                  </Digit>
                </Transition>
              </CSSTransition>
            </div>
          </TransitionGroup>
        </Number>
      </Transition>
    </CSSTransition>
    <CSSTransition
      classNames="f1xt770l"
      in={true}
      key=".$3"
      onExited={[Function]}
      timeout={250}
    >
      <Transition
        appear={false}
        enter={true}
        exit={true}
        in={true}
        mountOnEnter={false}
        onEnter={[Function]}
        onEntered={[Function]}
        onEntering={[Function]}
        onExit={[Function]}
        onExited={[Function]}
        onExiting={[Function]}
        timeout={250}
        unmountOnExit={false}
      >
        <Token
          value="*"
        >
          <div
            className="f1lvg2fi"
          >
            x
          </div>
        </Token>
      </Transition>
    </CSSTransition>
    <CSSTransition
      classNames="f1xt770l"
      in={true}
      key=".$4"
      onExited={[Function]}
      timeout={250}
    >
      <Transition
        appear={false}
        enter={true}
        exit={true}
        in={true}
        mountOnEnter={false}
        onEnter={[Function]}
        onEntered={[Function]}
        onEntering={[Function]}
        onExit={[Function]}
        onExited={[Function]}
        onExiting={[Function]}
        timeout={250}
        unmountOnExit={false}
      >
        <Number
          value={3}
        >
          <TransitionGroup
            childFactory={[Function]}
            className="fpwcx99"
            component="div"
          >
            <div
              className="fpwcx99"
            >
              <CSSTransition
                classNames="f16t478l"
                in={true}
                key=".$0"
                onExited={[Function]}
                timeout={250}
              >
                <Transition
                  appear={false}
                  enter={true}
                  exit={true}
                  in={true}
                  mountOnEnter={false}
                  onEnter={[Function]}
                  onEntered={[Function]}
                  onEntering={[Function]}
                  onExit={[Function]}
                  onExited={[Function]}
                  onExiting={[Function]}
                  timeout={250}
                  unmountOnExit={false}
                >
                  <Digit
                    value="3"
                  >
                    <div>
                      3
                    </div>
                  </Digit>
                </Transition>
              </CSSTransition>
            </div>
          </TransitionGroup>
        </Number>
      </Transition>
    </CSSTransition>
  </div>,
  <div
    className="fpwcx99"
  >
    <CSSTransition
      classNames="f16t478l"
      in={true}
      key=".$0"
      onExited={[Function]}
      timeout={250}
    >
      <Transition
        appear={false}
        enter={true}
        exit={true}
        in={true}
        mountOnEnter={false}
        onEnter={[Function]}
        onEntered={[Function]}
        onEntering={[Function]}
        onExit={[Function]}
        onExited={[Function]}
        onExiting={[Function]}
        timeout={250}
        unmountOnExit={false}
      >
        <Digit
          value="4"
        >
          <div>
            4
          </div>
        </Digit>
      </Transition>
    </CSSTransition>
  </div>,
  <div
    className="fpwcx99"
  >
    <CSSTransition
      classNames="f16t478l"
      in={true}
      key=".$0"
      onExited={[Function]}
      timeout={250}
    >
      <Transition
        appear={false}
        enter={true}
        exit={true}
        in={true}
        mountOnEnter={false}
        onEnter={[Function]}
        onEntered={[Function]}
        onEntering={[Function]}
        onExit={[Function]}
        onExited={[Function]}
        onExiting={[Function]}
        timeout={250}
        unmountOnExit={false}
      >
        <Digit
          value="2"
        >
          <div>
            2
          </div>
        </Digit>
      </Transition>
    </CSSTransition>
  </div>,
  <div
    className="fpwcx99"
  >
    <CSSTransition
      classNames="f16t478l"
      in={true}
      key=".$0"
      onExited={[Function]}
      timeout={250}
    >
      <Transition
        appear={false}
        enter={true}
        exit={true}
        in={true}
        mountOnEnter={false}
        onEnter={[Function]}
        onEntered={[Function]}
        onEntering={[Function]}
        onExit={[Function]}
        onExited={[Function]}
        onExiting={[Function]}
        timeout={250}
        unmountOnExit={false}
      >
        <Digit
          value="3"
        >
          <div>
            3
          </div>
        </Digit>
      </Transition>
    </CSSTransition>
  </div>,
]
`;
